producer_class	xtools.gsea.Gsea
producer_timestamp	1617248111420
param	zip_report	false
param	num	100
param	scoring_scheme	weighted
param	norm	meandiv
param	out	C:\Users\ymali\Google Drive\Personal Documents\Chuan Lab\Peritoneal Disease\GSEA Files\Analyses
param	mode	Max_probe
param	include_only_symbols	true
param	set_max	200
param	gmx	ftp.broadinstitute.org://pub/gsea/gene_sets/c5.go.bp.v7.3.symbols.gmt
param	plot_top_x	20
param	nperm	1000
param	order	descending
param	rpt_label	PCI_GObp_mar302021_v1
param	rnd_seed	timestamp
param	set_min	50
param	res	C:\Users\ymali\Google Drive\Personal Documents\Chuan Lab\Peritoneal Disease\GSEA Files\GSEA Input Files\Peritoneal Pilot Analysis Mar 30 2021\normalized_counts_PCI_GSEAv1.txt
param	chip	ftp.broadinstitute.org://pub/gsea/annotations_versioned/Human_Gene_Symbol_with_Remapping_MSigDB.v7.2.chip
param	create_svgs	false
param	cls	C:\Users\ymali\Google Drive\Personal Documents\Chuan Lab\Peritoneal Disease\GSEA Files\GSEA Input Files\Peritoneal Pilot Analysis Mar 30 2021\phenotype_data_PCI_v1.cls#PCIHigh_versus_PCILow
param	sort	real
param	create_gcts	false
param	help	false
param	save_rnd_lists	false
param	median	false
param	metric	Signal2Noise
param	make_sets	true
param	rnd_type	no_balance
param	gui	false
param	permute	phenotype
param	collapse	Collapse

file	C:\Users\ymali\Google Drive\Personal Documents\Chuan Lab\Peritoneal Disease\GSEA Files\Analyses\PCI_GObp_mar302021_v1.Gsea.1617248111420\index.html
